// Jest Snapshot v1, https://goo.gl/fbAQLP

exports[`QandA Component Testing renders the QandA component correctly 1`] = `
<div
  className="q_and_a"
>
  <h6>
    QUESTIONS & ANSWERS
  </h6>
  <div
    className="qSearchForm"
  >
    <form>
      <input
        className="qSearch"
        onChange={[Function]}
        placeholder="HAVE A QUESTION? SEARCH FOR ANSWERS..."
        type="text"
      />
    </form>
  </div>
  <div>
    <div />
  </div>
  <div />
  <button
    className="qButton"
    onClick={[Function]}
  >
    ADD A QUESTION +
  </button>
</div>
`;
