// Jest Snapshot v1, https://goo.gl/fbAQLP

exports[`QandA Component Testing renders the QandA component correctly 1`] = `
<div>
  <h3>
    Questions and Answers
  </h3>
  <div
    className="search"
  >
    <form>
      <input
        onChange={[Function]}
        placeholder="Have a Question Search For Answers"
        type="text"
      />
      <input
        type="submit"
      />
    </form>
  </div>
  <div>
    <div />
    <div />
    <button>
      Add A Question
    </button>
  </div>
</div>
`;
