// Jest Snapshot v1, https://goo.gl/fbAQLP

exports[`Search Component Testing Renders the Search component correctly 1`] = `
<div
  className="qSearchForm"
>
  <form>
    <input
      className="qSearch"
      onChange={[Function]}
      placeholder="HAVE A QUESTION? SEARCH FOR ANSWERS..."
      type="text"
    />
  </form>
</div>
`;
